
Memory Configuration

Name             Origin             Length             Attributes
flash            0x08000000         0x00020000         xr
sram             0x20000000         0x00005000         xrw
*default*        0x00000000         0xffffffff

Linker script and memory map


.text           0x08000000      0x49c
 *(.vectors)
 .vectors       0x08000000       0x6c ./obj/startup.o
                0x08000000                g_p_Vectors
 *(.text)
 .text          0x0800006c       0xd4 ./obj/main.o
                0x0800006c                main
                0x08000104                wait_ms
 .text          0x08000140       0x90 ./obj/startup.o
                0x08000140                reset_handler
                0x080001c4                EXTI0_handler
                0x080001c4                NMI_handler
                0x080001c4                WWDG_handler
                0x080001c4                default_handler
                0x080001c4                SVCall_handler
                0x080001c4                SysTick_handler
                0x080001c4                PVD_handler
                0x080001c4                usageFault_handler
                0x080001c4                hardFault_handler
                0x080001c4                RCC_handler
                0x080001c4                RTC_handler
                0x080001c4                EXTI2_handler
                0x080001c4                EXTI3_handler
                0x080001c4                FLASH_handler
                0x080001c4                busFault_handler
                0x080001c4                EXTI4_handler
                0x080001c4                PendSV_handler
                0x080001c4                debugMonitor_handler
                0x080001c4                EXTI1_handler
                0x080001c4                TAMPER_handler
                0x080001c4                MM_handler
                0x080001c4                reserved_handler
 .text          0x080001d0      0x2cc ./obj/stm32f103c6-gpio.o
                0x080001d0                GPIO_Init
                0x080002a4                GPIO_Reset
                0x080003a0                GPIO_Read_Pin
                0x080003c8                GPIO_Read_Port
                0x080003e0                GPIO_Write_Pin
                0x0800040e                GPIO_Write_Port
                0x0800042a                GPIO_Toggle_Pin
                0x0800044c                GPIO_Lock_Pin

.glue_7         0x0800049c        0x0
 .glue_7        0x0800049c        0x0 linker stubs

.glue_7t        0x0800049c        0x0
 .glue_7t       0x0800049c        0x0 linker stubs

.vfp11_veneer   0x0800049c        0x0
 .vfp11_veneer  0x0800049c        0x0 linker stubs

.v4_bx          0x0800049c        0x0
 .v4_bx         0x0800049c        0x0 linker stubs

.iplt           0x0800049c        0x0
 .iplt          0x0800049c        0x0 ./obj/main.o

.rel.dyn        0x0800049c        0x0
 .rel.iplt      0x0800049c        0x0 ./obj/main.o

.rodata         0x0800049c        0x0
 *(.rodata)
                0x0800049c                _E_TEXT_ = .

.data           0x20000000        0x0 load address 0x0800049c
                0x20000000                _S_DATA_ = .
 *(.data)
 .data          0x20000000        0x0 ./obj/main.o
 .data          0x20000000        0x0 ./obj/startup.o
 .data          0x20000000        0x0 ./obj/stm32f103c6-gpio.o
                0x20000000                . = ALIGN (0x4)
                0x20000000                _E_DATA_ = .

.igot.plt       0x20000000        0x0 load address 0x0800049c
 .igot.plt      0x20000000        0x0 ./obj/main.o

.bss            0x20000000      0x400 load address 0x0800049c
                0x20000000                _S_BSS_ = .
 *(.bss)
 .bss           0x20000000        0x0 ./obj/main.o
 .bss           0x20000000        0x0 ./obj/startup.o
 .bss           0x20000000        0x0 ./obj/stm32f103c6-gpio.o
                0x20000000                . = ALIGN (0x4)
                0x20000000                _E_BSS_ = .
 *(.stack)
 .stack         0x20000000      0x400 ./obj/startup.o
LOAD ./obj/main.o
LOAD ./obj/startup.o
LOAD ./obj/stm32f103c6-gpio.o
OUTPUT(bin/MCU-GPIO-DRIVER.elf elf32-littlearm)
LOAD linker stubs

.debug_info     0x00000000      0x895
 .debug_info    0x00000000      0x2c6 ./obj/main.o
 .debug_info    0x000002c6      0x1bb ./obj/startup.o
 .debug_info    0x00000481      0x414 ./obj/stm32f103c6-gpio.o

.debug_abbrev   0x00000000      0x323
 .debug_abbrev  0x00000000      0x11a ./obj/main.o
 .debug_abbrev  0x0000011a       0xf5 ./obj/startup.o
 .debug_abbrev  0x0000020f      0x114 ./obj/stm32f103c6-gpio.o

.debug_loc      0x00000000      0x3e4
 .debug_loc     0x00000000       0x88 ./obj/main.o
 .debug_loc     0x00000088       0x7c ./obj/startup.o
 .debug_loc     0x00000104      0x2e0 ./obj/stm32f103c6-gpio.o

.debug_aranges  0x00000000       0x60
 .debug_aranges
                0x00000000       0x20 ./obj/main.o
 .debug_aranges
                0x00000020       0x20 ./obj/startup.o
 .debug_aranges
                0x00000040       0x20 ./obj/stm32f103c6-gpio.o

.debug_line     0x00000000      0x472
 .debug_line    0x00000000      0x13a ./obj/main.o
 .debug_line    0x0000013a      0x129 ./obj/startup.o
 .debug_line    0x00000263      0x20f ./obj/stm32f103c6-gpio.o

.debug_str      0x00000000      0x2e0
 .debug_str     0x00000000      0x1e6 ./obj/main.o
                                0x234 (size before relaxing)
 .debug_str     0x000001e6       0x7a ./obj/startup.o
                                0x200 (size before relaxing)
 .debug_str     0x00000260       0x80 ./obj/stm32f103c6-gpio.o
                                0x29b (size before relaxing)

.comment        0x00000000       0x57
 .comment       0x00000000       0x57 ./obj/main.o
                                 0x58 (size before relaxing)
 .comment       0x00000057       0x58 ./obj/startup.o
 .comment       0x00000057       0x58 ./obj/stm32f103c6-gpio.o

.ARM.attributes
                0x00000000       0x2d
 .ARM.attributes
                0x00000000       0x2d ./obj/main.o
 .ARM.attributes
                0x0000002d       0x2d ./obj/startup.o
 .ARM.attributes
                0x0000005a       0x2d ./obj/stm32f103c6-gpio.o

.debug_frame    0x00000000      0x1f4
 .debug_frame   0x00000000       0x54 ./obj/main.o
 .debug_frame   0x00000054       0x50 ./obj/startup.o
 .debug_frame   0x000000a4      0x150 ./obj/stm32f103c6-gpio.o
