
Memory Configuration

Name             Origin             Length             Attributes
flash            0x08000000         0x00020000         xr
sram             0x20000000         0x00005000         xrw
*default*        0x00000000         0xffffffff

Linker script and memory map


.text           0x08000000      0xd20
 *(.vectors)
 .vectors       0x08000000       0x6c ./Debug/Startup/startup.o
                0x08000000                g_p_Vectors
 *(.text)
 .text          0x0800006c       0xe0 ./Debug/HAL/7Seg/bcd_7seg.o
                0x0800006c                bcd_7seg_Init
                0x080000d8                bcd_7deg_Write
 .text          0x0800014c      0x174 ./Debug/HAL/Keypad/keypad.o
                0x0800014c                keypad_init
                0x080001d4                keypad_getkey
 .text          0x080002c0      0x5a0 ./Debug/HAL/LCD/lcd.o
                0x080002c0                wait_ms
                0x08000368                lcd_init
                0x08000450                lcd_Send_Command
                0x0800050c                lcd_Send_Data
                0x080005c8                swap
                0x080005f0                reverse
                0x08000636                itoa
                0x08000700                lcd_Send_Num
                0x08000728                lcd_Goto_XY
                0x08000772                lcd_Send_String
                0x080007cc                lcd_Enable_Signal
                0x080007f8                lcd_Clear_Screen
                0x08000806                lcd_Is_Busy
 .text          0x08000860      0x164 ./Debug/main.o
                0x08000860                main
 .text          0x080009c4      0x2cc ./Debug/MCAL/GPIO/stm32f103c6-gpio.o
                0x080009c4                GPIO_Init
                0x08000a98                GPIO_Reset
                0x08000b94                GPIO_Read_Pin
                0x08000bbc                GPIO_Read_Port
                0x08000bd4                GPIO_Write_Pin
                0x08000c02                GPIO_Write_Port
                0x08000c1e                GPIO_Toggle_Pin
                0x08000c40                GPIO_Lock_Pin
 .text          0x08000c90       0x90 ./Debug/Startup/startup.o
                0x08000c90                reset_handler
                0x08000d14                EXTI0_handler
                0x08000d14                NMI_handler
                0x08000d14                WWDG_handler
                0x08000d14                default_handler
                0x08000d14                SVCall_handler
                0x08000d14                SysTick_handler
                0x08000d14                PVD_handler
                0x08000d14                usageFault_handler
                0x08000d14                hardFault_handler
                0x08000d14                RCC_handler
                0x08000d14                RTC_handler
                0x08000d14                EXTI2_handler
                0x08000d14                EXTI3_handler
                0x08000d14                FLASH_handler
                0x08000d14                busFault_handler
                0x08000d14                EXTI4_handler
                0x08000d14                PendSV_handler
                0x08000d14                debugMonitor_handler
                0x08000d14                EXTI1_handler
                0x08000d14                TAMPER_handler
                0x08000d14                MM_handler
                0x08000d14                reserved_handler

.glue_7         0x08000d20        0x0
 .glue_7        0x08000d20        0x0 linker stubs

.glue_7t        0x08000d20        0x0
 .glue_7t       0x08000d20        0x0 linker stubs

.vfp11_veneer   0x08000d20        0x0
 .vfp11_veneer  0x08000d20        0x0 linker stubs

.v4_bx          0x08000d20        0x0
 .v4_bx         0x08000d20        0x0 linker stubs

.iplt           0x08000d20        0x0
 .iplt          0x08000d20        0x0 ./Debug/HAL/7Seg/bcd_7seg.o

.rodata         0x08000d20       0x37
 *(.rodata)
 .rodata        0x08000d20       0x37 ./Debug/main.o
                0x08000d57                _E_TEXT_ = .

.rel.dyn        0x08000d58        0x0
 .rel.iplt      0x08000d58        0x0 ./Debug/HAL/7Seg/bcd_7seg.o

.data           0x20000000       0x20 load address 0x08000d57
                0x20000000                _S_DATA_ = .
 *(.data)
 .data          0x20000000        0x0 ./Debug/HAL/7Seg/bcd_7seg.o
 .data          0x20000000       0x20 ./Debug/HAL/Keypad/keypad.o
                0x20000000                keypad_keys
                0x20000010                keypad_rows
                0x20000018                keypad_columns
 .data          0x20000020        0x0 ./Debug/HAL/LCD/lcd.o
 .data          0x20000020        0x0 ./Debug/main.o
 .data          0x20000020        0x0 ./Debug/MCAL/GPIO/stm32f103c6-gpio.o
 .data          0x20000020        0x0 ./Debug/Startup/startup.o
                0x20000020                . = ALIGN (0x4)
                0x20000020                _E_DATA_ = .

.igot.plt       0x20000020        0x0 load address 0x08000d77
 .igot.plt      0x20000020        0x0 ./Debug/HAL/7Seg/bcd_7seg.o

.bss            0x20000020      0x404 load address 0x08000d77
                0x20000020                _S_BSS_ = .
 *(.bss)
 .bss           0x20000020        0x0 ./Debug/HAL/7Seg/bcd_7seg.o
 .bss           0x20000020        0x1 ./Debug/HAL/Keypad/keypad.o
 .bss           0x20000021        0x0 ./Debug/HAL/LCD/lcd.o
 .bss           0x20000021        0x0 ./Debug/main.o
 .bss           0x20000021        0x0 ./Debug/MCAL/GPIO/stm32f103c6-gpio.o
 .bss           0x20000021        0x0 ./Debug/Startup/startup.o
                0x20000024                . = ALIGN (0x4)
 *fill*         0x20000021        0x3 
                0x20000024                _E_BSS_ = .
 *(.stack)
 .stack         0x20000024      0x400 ./Debug/Startup/startup.o
LOAD ./Debug/HAL/7Seg/bcd_7seg.o
LOAD ./Debug/HAL/Keypad/keypad.o
LOAD ./Debug/HAL/LCD/lcd.o
LOAD ./Debug/main.o
LOAD ./Debug/MCAL/GPIO/stm32f103c6-gpio.o
LOAD ./Debug/Startup/startup.o
OUTPUT(Debug/MCU-GPIO-LCD-KEYPAD-DRIVER.elf elf32-littlearm)
LOAD linker stubs

.debug_info     0x00000000     0x1277
 .debug_info    0x00000000      0x1c2 ./Debug/HAL/7Seg/bcd_7seg.o
 .debug_info    0x000001c2      0x2b4 ./Debug/HAL/Keypad/keypad.o
 .debug_info    0x00000476      0x501 ./Debug/HAL/LCD/lcd.o
 .debug_info    0x00000977      0x331 ./Debug/main.o
 .debug_info    0x00000ca8      0x414 ./Debug/MCAL/GPIO/stm32f103c6-gpio.o
 .debug_info    0x000010bc      0x1bb ./Debug/Startup/startup.o

.debug_abbrev   0x00000000      0x6fe
 .debug_abbrev  0x00000000       0xdf ./Debug/HAL/7Seg/bcd_7seg.o
 .debug_abbrev  0x000000df      0x137 ./Debug/HAL/Keypad/keypad.o
 .debug_abbrev  0x00000216      0x1c7 ./Debug/HAL/LCD/lcd.o
 .debug_abbrev  0x000003dd      0x118 ./Debug/main.o
 .debug_abbrev  0x000004f5      0x114 ./Debug/MCAL/GPIO/stm32f103c6-gpio.o
 .debug_abbrev  0x00000609       0xf5 ./Debug/Startup/startup.o

.debug_loc      0x00000000      0x86c
 .debug_loc     0x00000000       0x7c ./Debug/HAL/7Seg/bcd_7seg.o
 .debug_loc     0x0000007c       0x7c ./Debug/HAL/Keypad/keypad.o
 .debug_loc     0x000000f8      0x3e0 ./Debug/HAL/LCD/lcd.o
 .debug_loc     0x000004d8       0x38 ./Debug/main.o
 .debug_loc     0x00000510      0x2e0 ./Debug/MCAL/GPIO/stm32f103c6-gpio.o
 .debug_loc     0x000007f0       0x7c ./Debug/Startup/startup.o

.debug_aranges  0x00000000       0xc0
 .debug_aranges
                0x00000000       0x20 ./Debug/HAL/7Seg/bcd_7seg.o
 .debug_aranges
                0x00000020       0x20 ./Debug/HAL/Keypad/keypad.o
 .debug_aranges
                0x00000040       0x20 ./Debug/HAL/LCD/lcd.o
 .debug_aranges
                0x00000060       0x20 ./Debug/main.o
 .debug_aranges
                0x00000080       0x20 ./Debug/MCAL/GPIO/stm32f103c6-gpio.o
 .debug_aranges
                0x000000a0       0x20 ./Debug/Startup/startup.o

.debug_line     0x00000000      0xb5a
 .debug_line    0x00000000      0x132 ./Debug/HAL/7Seg/bcd_7seg.o
 .debug_line    0x00000132      0x1a9 ./Debug/HAL/Keypad/keypad.o
 .debug_line    0x000002db      0x37d ./Debug/HAL/LCD/lcd.o
 .debug_line    0x00000658      0x1a1 ./Debug/main.o
 .debug_line    0x000007f9      0x22e ./Debug/MCAL/GPIO/stm32f103c6-gpio.o
 .debug_line    0x00000a27      0x133 ./Debug/Startup/startup.o

.debug_str      0x00000000      0x4ee
 .debug_str     0x00000000      0x1ae ./Debug/HAL/7Seg/bcd_7seg.o
                                0x1fc (size before relaxing)
 .debug_str     0x000001ae       0x8c ./Debug/HAL/Keypad/keypad.o
                                0x256 (size before relaxing)
 .debug_str     0x0000023a      0x11e ./Debug/HAL/LCD/lcd.o
                                0x2ff (size before relaxing)
 .debug_str     0x00000358       0xa5 ./Debug/main.o
                                0x2cb (size before relaxing)
 .debug_str     0x000003fd       0x6d ./Debug/MCAL/GPIO/stm32f103c6-gpio.o
                                0x2aa (size before relaxing)
 .debug_str     0x0000046a       0x84 ./Debug/Startup/startup.o
                                0x209 (size before relaxing)

.comment        0x00000000       0x57
 .comment       0x00000000       0x57 ./Debug/HAL/7Seg/bcd_7seg.o
                                 0x58 (size before relaxing)
 .comment       0x00000057       0x58 ./Debug/HAL/Keypad/keypad.o
 .comment       0x00000057       0x58 ./Debug/HAL/LCD/lcd.o
 .comment       0x00000057       0x58 ./Debug/main.o
 .comment       0x00000057       0x58 ./Debug/MCAL/GPIO/stm32f103c6-gpio.o
 .comment       0x00000057       0x58 ./Debug/Startup/startup.o

.ARM.attributes
                0x00000000       0x2d
 .ARM.attributes
                0x00000000       0x2d ./Debug/HAL/7Seg/bcd_7seg.o
 .ARM.attributes
                0x0000002d       0x2d ./Debug/HAL/Keypad/keypad.o
 .ARM.attributes
                0x0000005a       0x2d ./Debug/HAL/LCD/lcd.o
 .ARM.attributes
                0x00000087       0x2d ./Debug/main.o
 .ARM.attributes
                0x000000b4       0x2d ./Debug/MCAL/GPIO/stm32f103c6-gpio.o
 .ARM.attributes
                0x000000e1       0x2d ./Debug/Startup/startup.o

.debug_frame    0x00000000      0x44c
 .debug_frame   0x00000000       0x50 ./Debug/HAL/7Seg/bcd_7seg.o
 .debug_frame   0x00000050       0x50 ./Debug/HAL/Keypad/keypad.o
 .debug_frame   0x000000a0      0x1dc ./Debug/HAL/LCD/lcd.o
 .debug_frame   0x0000027c       0x30 ./Debug/main.o
 .debug_frame   0x000002ac      0x150 ./Debug/MCAL/GPIO/stm32f103c6-gpio.o
 .debug_frame   0x000003fc       0x50 ./Debug/Startup/startup.o
