
Memory Configuration

Name             Origin             Length             Attributes
flash            0x08000000         0x00020000         xr
sram             0x20000000         0x00005000         xrw
*default*        0x00000000         0xffffffff

Linker script and memory map


.text           0x08000000      0x1dc
 *(.vectors*)
 .vectors       0x08000000       0x50 startup.o
                0x08000000                vectors
 *(.text)
 .text          0x08000050       0xfc main.o
                0x08000050                NMI_handler
                0x0800005c                HardFault_handler
                0x08000068                main
 .text          0x0800014c       0x90 startup.o
                0x0800014c                Reset_handler
                0x080001d0                Reserved3_handler
                0x080001d0                Reserved2_handler
                0x080001d0                Reserved4_handler
                0x080001d0                Reserved1_handler
                0x080001d0                UsageFault_handler
                0x080001d0                MMFault_handler
                0x080001d0                BusFault_handler
                0x080001d0                Default_handler

.glue_7         0x080001dc        0x0
 .glue_7        0x080001dc        0x0 linker stubs

.glue_7t        0x080001dc        0x0
 .glue_7t       0x080001dc        0x0 linker stubs

.vfp11_veneer   0x080001dc        0x0
 .vfp11_veneer  0x080001dc        0x0 linker stubs

.v4_bx          0x080001dc        0x0
 .v4_bx         0x080001dc        0x0 linker stubs

.iplt           0x080001dc        0x0
 .iplt          0x080001dc        0x0 main.o

.rodata         0x080001dc       0x60
 *(.rodata)
 .rodata        0x080001dc       0x60 main.o
                0x080001dc                myNameStr
                0x0800023c                _E_TEXT = .

.rel.dyn        0x0800023c        0x0
 .rel.iplt      0x0800023c        0x0 main.o

.data           0x20000000       0x50 load address 0x0800023c
                0x20000000                _S_DATA = .
 *(.data)
 .data          0x20000000       0x50 main.o
                0x20000000                array_2
 .data          0x20000050        0x0 startup.o
                0x20000050                . = ALIGN (0x4)
                0x20000050                _E_DATA = .

.igot.plt       0x20000050        0x0 load address 0x0800028c
 .igot.plt      0x20000050        0x0 main.o

.bss            0x20000050      0xbb8 load address 0x0800028c
                0x20000050                _S_BSS = .
 *(.bss)
 .bss           0x20000050      0xbb8 main.o
                0x20000050                array_1
 .bss           0x20000c08        0x0 startup.o
                0x20000c08                . = ALIGN (0x4)
                0x20000c08                _E_BSS = .
                0x20001c08                . = (. + 0x1000)
                0x20001c08                _STACK_TOP = .
LOAD main.o
LOAD startup.o
OUTPUT(toggle-led.elf elf32-littlearm)
LOAD linker stubs

.debug_info     0x00000000      0x4f2
 .debug_info    0x00000000      0x334 main.o
 .debug_info    0x00000334      0x1be startup.o

.debug_abbrev   0x00000000      0x239
 .debug_abbrev  0x00000000      0x133 main.o
 .debug_abbrev  0x00000133      0x106 startup.o

.debug_loc      0x00000000      0x13c
 .debug_loc     0x00000000       0xc0 main.o
 .debug_loc     0x000000c0       0x7c startup.o

.debug_aranges  0x00000000       0x40
 .debug_aranges
                0x00000000       0x20 main.o
 .debug_aranges
                0x00000020       0x20 startup.o

.debug_line     0x00000000      0x268
 .debug_line    0x00000000      0x144 main.o
 .debug_line    0x00000144      0x124 startup.o

.debug_str      0x00000000      0x253
 .debug_str     0x00000000      0x1d3 main.o
                                0x21d (size before relaxing)
 .debug_str     0x000001d3       0x80 startup.o
                                0x1ed (size before relaxing)

.comment        0x00000000       0x57
 .comment       0x00000000       0x57 main.o
                                 0x58 (size before relaxing)
 .comment       0x00000057       0x58 startup.o

.ARM.attributes
                0x00000000       0x2d
 .ARM.attributes
                0x00000000       0x2d main.o
 .ARM.attributes
                0x0000002d       0x2d startup.o

.debug_frame    0x00000000       0xc0
 .debug_frame   0x00000000       0x70 main.o
 .debug_frame   0x00000070       0x50 startup.o
