
Memory Configuration

Name             Origin             Length             Attributes
flash            0x08000000         0x00020000         xr
sram             0x20000000         0x00005000         xrw
*default*        0x00000000         0xffffffff

Linker script and memory map


.text           0x08000000      0x15c
 *(.vectors)
 .vectors       0x08000000       0x1c ./obj/startup.o
                0x08000000                g_p_Vectors
 *(.text)
 .text          0x0800001c       0xb0 ./obj/main.o
                0x0800001c                main
 .text          0x080000cc       0x90 ./obj/startup.o
                0x080000cc                reset_handler
                0x08000150                default_handler
                0x08000150                usageFault_handler
                0x08000150                hardFault_handler
                0x08000150                busFault_handler
                0x08000150                MM_handler
                0x08000150                NMI_handler

.glue_7         0x0800015c        0x0
 .glue_7        0x0800015c        0x0 linker stubs

.glue_7t        0x0800015c        0x0
 .glue_7t       0x0800015c        0x0 linker stubs

.vfp11_veneer   0x0800015c        0x0
 .vfp11_veneer  0x0800015c        0x0 linker stubs

.v4_bx          0x0800015c        0x0
 .v4_bx         0x0800015c        0x0 linker stubs

.iplt           0x0800015c        0x0
 .iplt          0x0800015c        0x0 ./obj/startup.o

.rel.dyn        0x0800015c        0x0
 .rel.iplt      0x0800015c        0x0 ./obj/startup.o

.rodata         0x0800015c        0x0
 *(.rodata)
                0x0800015c                _E_TEXT_ = .

.data           0x20000000        0x0 load address 0x0800015c
                0x20000000                _S_DATA_ = .
 *(.data)
 .data          0x20000000        0x0 ./obj/main.o
 .data          0x20000000        0x0 ./obj/startup.o
                0x20000000                . = ALIGN (0x4)
                0x20000000                _E_DATA_ = .

.igot.plt       0x20000000        0x0 load address 0x0800015c
 .igot.plt      0x20000000        0x0 ./obj/startup.o

.bss            0x20000000      0x400 load address 0x0800015c
                0x20000000                _S_BSS_ = .
 *(.bss)
 .bss           0x20000000        0x0 ./obj/main.o
 .bss           0x20000000        0x0 ./obj/startup.o
                0x20000000                . = ALIGN (0x4)
                0x20000000                _E_BSS_ = .
 *(.stack)
 .stack         0x20000000      0x400 ./obj/startup.o
LOAD ./obj/main.o
LOAD ./obj/startup.o
OUTPUT(bin/Toggle-Led.elf elf32-littlearm)
LOAD linker stubs

.debug_info     0x00000000      0x268
 .debug_info    0x00000000       0xad ./obj/main.o
 .debug_info    0x000000ad      0x1bb ./obj/startup.o

.debug_abbrev   0x00000000      0x15b
 .debug_abbrev  0x00000000       0x66 ./obj/main.o
 .debug_abbrev  0x00000066       0xf5 ./obj/startup.o

.debug_loc      0x00000000       0xb4
 .debug_loc     0x00000000       0x38 ./obj/main.o
 .debug_loc     0x00000038       0x7c ./obj/startup.o

.debug_aranges  0x00000000       0x40
 .debug_aranges
                0x00000000       0x20 ./obj/main.o
 .debug_aranges
                0x00000020       0x20 ./obj/startup.o

.debug_line     0x00000000      0x222
 .debug_line    0x00000000       0xfa ./obj/main.o
 .debug_line    0x000000fa      0x128 ./obj/startup.o

.debug_str      0x00000000      0x1b1
 .debug_str     0x00000000      0x12d ./obj/main.o
                                0x16a (size before relaxing)
 .debug_str     0x0000012d       0x84 ./obj/startup.o
                                0x1ef (size before relaxing)

.comment        0x00000000       0x57
 .comment       0x00000000       0x57 ./obj/main.o
                                 0x58 (size before relaxing)
 .comment       0x00000057       0x58 ./obj/startup.o

.ARM.attributes
                0x00000000       0x2d
 .ARM.attributes
                0x00000000       0x2d ./obj/main.o
 .ARM.attributes
                0x0000002d       0x2d ./obj/startup.o

.debug_frame    0x00000000       0x7c
 .debug_frame   0x00000000       0x2c ./obj/main.o
 .debug_frame   0x0000002c       0x50 ./obj/startup.o
