
Memory Configuration

Name             Origin             Length             Attributes
flash            0x08000000         0x00020000         xr
sram             0x20000000         0x00005000         xrw
*default*        0x00000000         0xffffffff

Linker script and memory map


.text           0x08000000      0xd20
 *(.vectors)
 .vectors       0x08000000       0x6c ./obj/startup.o
                0x08000000                g_p_Vectors
 *(.text)
 .text          0x0800006c       0xe0 ./obj/bcd_7seg.o
                0x0800006c                bcd_7seg_Init
                0x080000d8                bcd_7deg_Write
 .text          0x0800014c      0x174 ./obj/keypad.o
                0x0800014c                keypad_init
                0x080001d4                keypad_getkey
 .text          0x080002c0      0x5a0 ./obj/lcd.o
                0x080002c0                wait_ms
                0x08000368                lcd_init
                0x08000450                lcd_Send_Command
                0x0800050c                lcd_Send_Data
                0x080005c8                swap
                0x080005f0                reverse
                0x08000636                itoa
                0x08000700                lcd_Send_Num
                0x08000728                lcd_Goto_XY
                0x08000772                lcd_Send_String
                0x080007cc                lcd_Enable_Signal
                0x080007f8                lcd_Clear_Screen
                0x08000806                lcd_Is_Busy
 .text          0x08000860      0x164 ./obj/main.o
                0x08000860                main
 .text          0x080009c4       0x90 ./obj/startup.o
                0x080009c4                reset_handler
                0x08000a48                EXTI0_handler
                0x08000a48                NMI_handler
                0x08000a48                WWDG_handler
                0x08000a48                default_handler
                0x08000a48                SVCall_handler
                0x08000a48                SysTick_handler
                0x08000a48                PVD_handler
                0x08000a48                usageFault_handler
                0x08000a48                hardFault_handler
                0x08000a48                RCC_handler
                0x08000a48                RTC_handler
                0x08000a48                EXTI2_handler
                0x08000a48                EXTI3_handler
                0x08000a48                FLASH_handler
                0x08000a48                busFault_handler
                0x08000a48                EXTI4_handler
                0x08000a48                PendSV_handler
                0x08000a48                debugMonitor_handler
                0x08000a48                EXTI1_handler
                0x08000a48                TAMPER_handler
                0x08000a48                MM_handler
                0x08000a48                reserved_handler
 .text          0x08000a54      0x2cc ./obj/stm32f103c6-gpio.o
                0x08000a54                GPIO_Init
                0x08000b28                GPIO_Reset
                0x08000c24                GPIO_Read_Pin
                0x08000c4c                GPIO_Read_Port
                0x08000c64                GPIO_Write_Pin
                0x08000c92                GPIO_Write_Port
                0x08000cae                GPIO_Toggle_Pin
                0x08000cd0                GPIO_Lock_Pin

.glue_7         0x08000d20        0x0
 .glue_7        0x08000d20        0x0 linker stubs

.glue_7t        0x08000d20        0x0
 .glue_7t       0x08000d20        0x0 linker stubs

.vfp11_veneer   0x08000d20        0x0
 .vfp11_veneer  0x08000d20        0x0 linker stubs

.v4_bx          0x08000d20        0x0
 .v4_bx         0x08000d20        0x0 linker stubs

.iplt           0x08000d20        0x0
 .iplt          0x08000d20        0x0 ./obj/bcd_7seg.o

.rodata         0x08000d20       0x37
 *(.rodata)
 .rodata        0x08000d20       0x37 ./obj/main.o
                0x08000d57                _E_TEXT_ = .

.rel.dyn        0x08000d58        0x0
 .rel.iplt      0x08000d58        0x0 ./obj/bcd_7seg.o

.data           0x20000000       0x20 load address 0x08000d57
                0x20000000                _S_DATA_ = .
 *(.data)
 .data          0x20000000        0x0 ./obj/bcd_7seg.o
 .data          0x20000000       0x20 ./obj/keypad.o
                0x20000000                keypad_keys
                0x20000010                keypad_rows
                0x20000018                keypad_columns
 .data          0x20000020        0x0 ./obj/lcd.o
 .data          0x20000020        0x0 ./obj/main.o
 .data          0x20000020        0x0 ./obj/startup.o
 .data          0x20000020        0x0 ./obj/stm32f103c6-gpio.o
                0x20000020                . = ALIGN (0x4)
                0x20000020                _E_DATA_ = .

.igot.plt       0x20000020        0x0 load address 0x08000d77
 .igot.plt      0x20000020        0x0 ./obj/bcd_7seg.o

.bss            0x20000020      0x404 load address 0x08000d77
                0x20000020                _S_BSS_ = .
 *(.bss)
 .bss           0x20000020        0x0 ./obj/bcd_7seg.o
 .bss           0x20000020        0x1 ./obj/keypad.o
 .bss           0x20000021        0x0 ./obj/lcd.o
 .bss           0x20000021        0x0 ./obj/main.o
 .bss           0x20000021        0x0 ./obj/startup.o
 .bss           0x20000021        0x0 ./obj/stm32f103c6-gpio.o
                0x20000024                . = ALIGN (0x4)
 *fill*         0x20000021        0x3 
                0x20000024                _E_BSS_ = .
 *(.stack)
 .stack         0x20000024      0x400 ./obj/startup.o
LOAD ./obj/bcd_7seg.o
LOAD ./obj/keypad.o
LOAD ./obj/lcd.o
LOAD ./obj/main.o
LOAD ./obj/startup.o
LOAD ./obj/stm32f103c6-gpio.o
OUTPUT(bin/MCU-GPIO-LCD-KEYPAD-DRIVER.elf elf32-littlearm)
LOAD linker stubs

.debug_info     0x00000000     0x1277
 .debug_info    0x00000000      0x1c2 ./obj/bcd_7seg.o
 .debug_info    0x000001c2      0x2b4 ./obj/keypad.o
 .debug_info    0x00000476      0x501 ./obj/lcd.o
 .debug_info    0x00000977      0x331 ./obj/main.o
 .debug_info    0x00000ca8      0x1bb ./obj/startup.o
 .debug_info    0x00000e63      0x414 ./obj/stm32f103c6-gpio.o

.debug_abbrev   0x00000000      0x6fe
 .debug_abbrev  0x00000000       0xdf ./obj/bcd_7seg.o
 .debug_abbrev  0x000000df      0x137 ./obj/keypad.o
 .debug_abbrev  0x00000216      0x1c7 ./obj/lcd.o
 .debug_abbrev  0x000003dd      0x118 ./obj/main.o
 .debug_abbrev  0x000004f5       0xf5 ./obj/startup.o
 .debug_abbrev  0x000005ea      0x114 ./obj/stm32f103c6-gpio.o

.debug_loc      0x00000000      0x86c
 .debug_loc     0x00000000       0x7c ./obj/bcd_7seg.o
 .debug_loc     0x0000007c       0x7c ./obj/keypad.o
 .debug_loc     0x000000f8      0x3e0 ./obj/lcd.o
 .debug_loc     0x000004d8       0x38 ./obj/main.o
 .debug_loc     0x00000510       0x7c ./obj/startup.o
 .debug_loc     0x0000058c      0x2e0 ./obj/stm32f103c6-gpio.o

.debug_aranges  0x00000000       0xc0
 .debug_aranges
                0x00000000       0x20 ./obj/bcd_7seg.o
 .debug_aranges
                0x00000020       0x20 ./obj/keypad.o
 .debug_aranges
                0x00000040       0x20 ./obj/lcd.o
 .debug_aranges
                0x00000060       0x20 ./obj/main.o
 .debug_aranges
                0x00000080       0x20 ./obj/startup.o
 .debug_aranges
                0x000000a0       0x20 ./obj/stm32f103c6-gpio.o

.debug_line     0x00000000      0xa63
 .debug_line    0x00000000      0x104 ./obj/bcd_7seg.o
 .debug_line    0x00000104      0x179 ./obj/keypad.o
 .debug_line    0x0000027d      0x350 ./obj/lcd.o
 .debug_line    0x000005cd      0x15e ./obj/main.o
 .debug_line    0x0000072b      0x129 ./obj/startup.o
 .debug_line    0x00000854      0x20f ./obj/stm32f103c6-gpio.o

.debug_str      0x00000000      0x4a0
 .debug_str     0x00000000      0x19f ./obj/bcd_7seg.o
                                0x1ed (size before relaxing)
 .debug_str     0x0000019f       0x7b ./obj/keypad.o
                                0x245 (size before relaxing)
 .debug_str     0x0000021a      0x110 ./obj/lcd.o
                                0x2f1 (size before relaxing)
 .debug_str     0x0000032a       0x9f ./obj/main.o
                                0x2c5 (size before relaxing)
 .debug_str     0x000003c9       0x7a ./obj/startup.o
                                0x1ff (size before relaxing)
 .debug_str     0x00000443       0x5d ./obj/stm32f103c6-gpio.o
                                0x29a (size before relaxing)

.comment        0x00000000       0x57
 .comment       0x00000000       0x57 ./obj/bcd_7seg.o
                                 0x58 (size before relaxing)
 .comment       0x00000057       0x58 ./obj/keypad.o
 .comment       0x00000057       0x58 ./obj/lcd.o
 .comment       0x00000057       0x58 ./obj/main.o
 .comment       0x00000057       0x58 ./obj/startup.o
 .comment       0x00000057       0x58 ./obj/stm32f103c6-gpio.o

.ARM.attributes
                0x00000000       0x2d
 .ARM.attributes
                0x00000000       0x2d ./obj/bcd_7seg.o
 .ARM.attributes
                0x0000002d       0x2d ./obj/keypad.o
 .ARM.attributes
                0x0000005a       0x2d ./obj/lcd.o
 .ARM.attributes
                0x00000087       0x2d ./obj/main.o
 .ARM.attributes
                0x000000b4       0x2d ./obj/startup.o
 .ARM.attributes
                0x000000e1       0x2d ./obj/stm32f103c6-gpio.o

.debug_frame    0x00000000      0x44c
 .debug_frame   0x00000000       0x50 ./obj/bcd_7seg.o
 .debug_frame   0x00000050       0x50 ./obj/keypad.o
 .debug_frame   0x000000a0      0x1dc ./obj/lcd.o
 .debug_frame   0x0000027c       0x30 ./obj/main.o
 .debug_frame   0x000002ac       0x50 ./obj/startup.o
 .debug_frame   0x000002fc      0x150 ./obj/stm32f103c6-gpio.o
