
Memory Configuration

Name             Origin             Length             Attributes
flash            0x08000000         0x00020000         xr
sram             0x20000000         0x00005000         xrw
*default*        0x00000000         0xffffffff

Linker script and memory map


.text           0x08000000      0x244
 *(.vectors)
 .vectors       0x08000000       0x6c ./obj/startup.o
                0x08000000                g_p_Vectors
 *(.text)
 .text          0x0800006c      0x148 ./obj/main.o
                0x0800006c                main
                0x0800007e                exti_init
                0x080000c4                clock_init
                0x08000150                gpio_init
                0x08000188                EXTI0_handler
 .text          0x080001b4       0x90 ./obj/startup.o
                0x080001b4                reset_handler
                0x08000238                NMI_handler
                0x08000238                WWDG_handler
                0x08000238                default_handler
                0x08000238                SVCall_handler
                0x08000238                SysTick_handler
                0x08000238                PVD_handler
                0x08000238                usageFault_handler
                0x08000238                hardFault_handler
                0x08000238                RCC_handler
                0x08000238                RTC_handler
                0x08000238                EXTI2_handler
                0x08000238                EXTI3_handler
                0x08000238                FLASH_handler
                0x08000238                busFault_handler
                0x08000238                EXTI4_handler
                0x08000238                PendSV_handler
                0x08000238                debugMonitor_handler
                0x08000238                EXTI1_handler
                0x08000238                TAMPER_handler
                0x08000238                MM_handler
                0x08000238                reserved_handler

.glue_7         0x08000244        0x0
 .glue_7        0x08000244        0x0 linker stubs

.glue_7t        0x08000244        0x0
 .glue_7t       0x08000244        0x0 linker stubs

.vfp11_veneer   0x08000244        0x0
 .vfp11_veneer  0x08000244        0x0 linker stubs

.v4_bx          0x08000244        0x0
 .v4_bx         0x08000244        0x0 linker stubs

.iplt           0x08000244        0x0
 .iplt          0x08000244        0x0 ./obj/main.o

.rel.dyn        0x08000244        0x0
 .rel.iplt      0x08000244        0x0 ./obj/main.o

.rodata         0x08000244        0x0
 *(.rodata)
                0x08000244                _E_TEXT_ = .

.data           0x20000000        0x0 load address 0x08000244
                0x20000000                _S_DATA_ = .
 *(.data)
 .data          0x20000000        0x0 ./obj/main.o
 .data          0x20000000        0x0 ./obj/startup.o
                0x20000000                . = ALIGN (0x4)
                0x20000000                _E_DATA_ = .

.igot.plt       0x20000000        0x0 load address 0x08000244
 .igot.plt      0x20000000        0x0 ./obj/main.o

.bss            0x20000000      0x400 load address 0x08000244
                0x20000000                _S_BSS_ = .
 *(.bss)
 .bss           0x20000000        0x0 ./obj/main.o
 .bss           0x20000000        0x0 ./obj/startup.o
                0x20000000                . = ALIGN (0x4)
                0x20000000                _E_BSS_ = .
 *(.stack)
 .stack         0x20000000      0x400 ./obj/startup.o
LOAD ./obj/main.o
LOAD ./obj/startup.o
OUTPUT(bin/Toggle-Led-Interrupt.elf elf32-littlearm)
LOAD linker stubs

.debug_info     0x00000000      0x2b6
 .debug_info    0x00000000       0xfb ./obj/main.o
 .debug_info    0x000000fb      0x1bb ./obj/startup.o

.debug_abbrev   0x00000000      0x164
 .debug_abbrev  0x00000000       0x6f ./obj/main.o
 .debug_abbrev  0x0000006f       0xf5 ./obj/startup.o

.debug_loc      0x00000000      0x1b8
 .debug_loc     0x00000000      0x13c ./obj/main.o
 .debug_loc     0x0000013c       0x7c ./obj/startup.o

.debug_aranges  0x00000000       0x40
 .debug_aranges
                0x00000000       0x20 ./obj/main.o
 .debug_aranges
                0x00000020       0x20 ./obj/startup.o

.debug_line     0x00000000      0x234
 .debug_line    0x00000000      0x10b ./obj/main.o
 .debug_line    0x0000010b      0x129 ./obj/startup.o

.debug_str      0x00000000      0x1e2
 .debug_str     0x00000000      0x15e ./obj/main.o
                                0x19b (size before relaxing)
 .debug_str     0x0000015e       0x84 ./obj/startup.o
                                0x1f3 (size before relaxing)

.comment        0x00000000       0x57
 .comment       0x00000000       0x57 ./obj/main.o
                                 0x58 (size before relaxing)
 .comment       0x00000057       0x58 ./obj/startup.o

.ARM.attributes
                0x00000000       0x2d
 .ARM.attributes
                0x00000000       0x2d ./obj/main.o
 .ARM.attributes
                0x0000002d       0x2d ./obj/startup.o

.debug_frame    0x00000000       0xfc
 .debug_frame   0x00000000       0xac ./obj/main.o
 .debug_frame   0x000000ac       0x50 ./obj/startup.o
